// Jest Snapshot v1, https://goo.gl/fbAQLP

exports[`removeDescription Should remove description 1`] = `"{\\"kind\\":\\"Document\\",\\"definitions\\":[{\\"kind\\":\\"OperationDefinition\\",\\"operation\\":\\"query\\",\\"name\\":{\\"kind\\":\\"Name\\",\\"value\\":\\"findUser\\",\\"loc\\":{\\"start\\":13,\\"end\\":21}},\\"variableDefinitions\\":[{\\"kind\\":\\"VariableDefinition\\",\\"variable\\":{\\"kind\\":\\"Variable\\",\\"name\\":{\\"kind\\":\\"Name\\",\\"value\\":\\"userId\\",\\"loc\\":{\\"start\\":23,\\"end\\":29}},\\"loc\\":{\\"start\\":22,\\"end\\":29}},\\"type\\":{\\"kind\\":\\"NonNullType\\",\\"type\\":{\\"kind\\":\\"NamedType\\",\\"name\\":{\\"kind\\":\\"Name\\",\\"value\\":\\"ID\\",\\"loc\\":{\\"start\\":31,\\"end\\":33}},\\"loc\\":{\\"start\\":31,\\"end\\":33}},\\"loc\\":{\\"start\\":31,\\"end\\":34}},\\"loc\\":{\\"start\\":22,\\"end\\":34}}],\\"selectionSet\\":{\\"kind\\":\\"SelectionSet\\",\\"selections\\":[{\\"kind\\":\\"Field\\",\\"name\\":{\\"kind\\":\\"Name\\",\\"value\\":\\"user\\",\\"loc\\":{\\"start\\":46,\\"end\\":50}},\\"arguments\\":[{\\"kind\\":\\"Argument\\",\\"name\\":{\\"kind\\":\\"Name\\",\\"value\\":\\"id\\",\\"loc\\":{\\"start\\":51,\\"end\\":53}},\\"value\\":{\\"kind\\":\\"Variable\\",\\"name\\":{\\"kind\\":\\"Name\\",\\"value\\":\\"userId\\",\\"loc\\":{\\"start\\":56,\\"end\\":62}},\\"loc\\":{\\"start\\":55,\\"end\\":62}},\\"loc\\":{\\"start\\":51,\\"end\\":62}}],\\"selectionSet\\":{\\"kind\\":\\"SelectionSet\\",\\"selections\\":[{\\"kind\\":\\"FragmentSpread\\",\\"name\\":{\\"kind\\":\\"Name\\",\\"value\\":\\"UserFields\\",\\"loc\\":{\\"start\\":79,\\"end\\":89}},\\"loc\\":{\\"start\\":76,\\"end\\":89}}],\\"loc\\":{\\"start\\":64,\\"end\\":99}},\\"loc\\":{\\"start\\":46,\\"end\\":99}}],\\"loc\\":{\\"start\\":36,\\"end\\":107}},\\"loc\\":{\\"start\\":7,\\"end\\":107}},{\\"kind\\":\\"OperationDefinition\\",\\"operation\\":\\"query\\",\\"name\\":{\\"kind\\":\\"Name\\",\\"value\\":\\"something\\",\\"loc\\":{\\"start\\":121,\\"end\\":130}},\\"selectionSet\\":{\\"kind\\":\\"SelectionSet\\",\\"selections\\":[{\\"kind\\":\\"Field\\",\\"name\\":{\\"kind\\":\\"Name\\",\\"value\\":\\"test\\",\\"loc\\":{\\"start\\":141,\\"end\\":145}},\\"selectionSet\\":{\\"kind\\":\\"SelectionSet\\",\\"selections\\":[{\\"kind\\":\\"Field\\",\\"name\\":{\\"kind\\":\\"Name\\",\\"value\\":\\"test\\",\\"loc\\":{\\"start\\":158,\\"end\\":162}},\\"loc\\":{\\"start\\":158,\\"end\\":162}}],\\"loc\\":{\\"start\\":146,\\"end\\":172}},\\"loc\\":{\\"start\\":141,\\"end\\":172}}],\\"loc\\":{\\"start\\":131,\\"end\\":180}},\\"loc\\":{\\"start\\":115,\\"end\\":180}},{\\"kind\\":\\"FragmentDefinition\\",\\"name\\":{\\"kind\\":\\"Name\\",\\"value\\":\\"UserFields\\",\\"loc\\":{\\"start\\":197,\\"end\\":207}},\\"typeCondition\\":{\\"kind\\":\\"NamedType\\",\\"name\\":{\\"kind\\":\\"Name\\",\\"value\\":\\"User\\",\\"loc\\":{\\"start\\":211,\\"end\\":215}},\\"loc\\":{\\"start\\":211,\\"end\\":215}},\\"selectionSet\\":{\\"kind\\":\\"SelectionSet\\",\\"selections\\":[{\\"kind\\":\\"Field\\",\\"name\\":{\\"kind\\":\\"Name\\",\\"value\\":\\"id\\",\\"loc\\":{\\"start\\":226,\\"end\\":228}},\\"loc\\":{\\"start\\":226,\\"end\\":228}},{\\"kind\\":\\"Field\\",\\"name\\":{\\"kind\\":\\"Name\\",\\"value\\":\\"username\\",\\"loc\\":{\\"start\\":237,\\"end\\":245}},\\"loc\\":{\\"start\\":237,\\"end\\":245}},{\\"kind\\":\\"Field\\",\\"name\\":{\\"kind\\":\\"Name\\",\\"value\\":\\"role\\",\\"loc\\":{\\"start\\":254,\\"end\\":258}},\\"loc\\":{\\"start\\":254,\\"end\\":258}}],\\"loc\\":{\\"start\\":216,\\"end\\":266}},\\"loc\\":{\\"start\\":188,\\"end\\":266}}],\\"loc\\":{\\"start\\":0,\\"end\\":271}}"`;
