// Jest Snapshot v1, https://goo.gl/fbAQLP

exports[`removeLoc Should remove location field 1`] = `"{\\"kind\\":\\"Document\\",\\"definitions\\":[{\\"kind\\":\\"OperationDefinition\\",\\"operation\\":\\"query\\",\\"name\\":{\\"kind\\":\\"Name\\",\\"value\\":\\"findUser\\"},\\"variableDefinitions\\":[{\\"kind\\":\\"VariableDefinition\\",\\"variable\\":{\\"kind\\":\\"Variable\\",\\"name\\":{\\"kind\\":\\"Name\\",\\"value\\":\\"userId\\"}},\\"type\\":{\\"kind\\":\\"NonNullType\\",\\"type\\":{\\"kind\\":\\"NamedType\\",\\"name\\":{\\"kind\\":\\"Name\\",\\"value\\":\\"ID\\"}}},\\"directives\\":[]}],\\"directives\\":[],\\"selectionSet\\":{\\"kind\\":\\"SelectionSet\\",\\"selections\\":[{\\"kind\\":\\"Field\\",\\"name\\":{\\"kind\\":\\"Name\\",\\"value\\":\\"user\\"},\\"arguments\\":[{\\"kind\\":\\"Argument\\",\\"name\\":{\\"kind\\":\\"Name\\",\\"value\\":\\"id\\"},\\"value\\":{\\"kind\\":\\"Variable\\",\\"name\\":{\\"kind\\":\\"Name\\",\\"value\\":\\"userId\\"}}}],\\"directives\\":[],\\"selectionSet\\":{\\"kind\\":\\"SelectionSet\\",\\"selections\\":[{\\"kind\\":\\"FragmentSpread\\",\\"name\\":{\\"kind\\":\\"Name\\",\\"value\\":\\"UserFields\\"},\\"directives\\":[]}]}}]}},{\\"kind\\":\\"OperationDefinition\\",\\"operation\\":\\"query\\",\\"name\\":{\\"kind\\":\\"Name\\",\\"value\\":\\"something\\"},\\"variableDefinitions\\":[],\\"directives\\":[],\\"selectionSet\\":{\\"kind\\":\\"SelectionSet\\",\\"selections\\":[{\\"kind\\":\\"Field\\",\\"name\\":{\\"kind\\":\\"Name\\",\\"value\\":\\"test\\"},\\"arguments\\":[],\\"directives\\":[],\\"selectionSet\\":{\\"kind\\":\\"SelectionSet\\",\\"selections\\":[{\\"kind\\":\\"Field\\",\\"name\\":{\\"kind\\":\\"Name\\",\\"value\\":\\"test\\"},\\"arguments\\":[],\\"directives\\":[]}]}}]}},{\\"kind\\":\\"FragmentDefinition\\",\\"name\\":{\\"kind\\":\\"Name\\",\\"value\\":\\"UserFields\\"},\\"typeCondition\\":{\\"kind\\":\\"NamedType\\",\\"name\\":{\\"kind\\":\\"Name\\",\\"value\\":\\"User\\"}},\\"directives\\":[],\\"selectionSet\\":{\\"kind\\":\\"SelectionSet\\",\\"selections\\":[{\\"kind\\":\\"Field\\",\\"name\\":{\\"kind\\":\\"Name\\",\\"value\\":\\"id\\"},\\"arguments\\":[],\\"directives\\":[]},{\\"kind\\":\\"Field\\",\\"name\\":{\\"kind\\":\\"Name\\",\\"value\\":\\"username\\"},\\"arguments\\":[],\\"directives\\":[]},{\\"kind\\":\\"Field\\",\\"name\\":{\\"kind\\":\\"Name\\",\\"value\\":\\"role\\"},\\"arguments\\":[],\\"directives\\":[]}]}}]}"`;
